C51 COMPILER V9.52.0.0   UID_CHECK                                                         07/06/2017 11:37:54 PAGE 1   


C51 COMPILER V9.52.0.0, COMPILATION OF MODULE UID_CHECK
OBJECT MODULE PLACED IN .\Output\UID_check.obj
COMPILER INVOKED BY: C:\Keil\C51\BIN\C51.EXE Code\UID_check.C BROWSE INCDIR(..\..\Common;..\..\Include) DEFINE(FOSC_1600
                    -00) DEBUG OBJECTEXTEND PRINT(.\List\UID_check.lst) TABS(2) OBJECT(.\Output\UID_check.obj)

line level    source

   1          /*--------------------------------------------------------------------------------------------------------
             --*/
   2          /*                                                                                                        
             - */
   3          /* Copyright(c) 2017 Nuvoton Technology Corp. All rights reserved.                                        
             - */
   4          /*                                                                                                        
             - */
   5          /*--------------------------------------------------------------------------------------------------------
             --*/
   6          
   7          //********************************************************************************************************
             -***
   8          //  Nuvoton Technoledge Corp. 
   9          //  Website: http://www.nuvoton.com
  10          //  E-Mail : MicroC-8bit@nuvoton.com
  11          //  Date   : Apr/21/2017
  12          //********************************************************************************************************
             -***
  13          
  14          //********************************************************************************************************
             -***
  15          //  File Function: N76E003 Read actual bandgap value by IAP command
  16          //********************************************************************************************************
             -***
  17          #include "N76E003.h"
  18          #include "Common.h"
  19          #include "Delay.h"
  20          #include "SFR_Macro.h"
  21          #include "Function_define.h"
  22          
  23          UINT8 UID_BYTE(UINT8 Addr)
  24          {
  25   1          UINT8 DATATEMP;
  26   1          set_IAPEN;
  27   1          IAPAL = Addr;
  28   1          IAPAH = 0x00;
  29   1          IAPCN = READ_UID;
  30   1          set_IAPGO;
  31   1          DATATEMP = IAPFD;
  32   1          clr_IAPEN;
  33   1          return DATATEMP;
  34   1      }
  35          
  36          void main(void)
  37          {
  38   1        UINT8 READ1,READ2;
  39   1        Set_All_GPIO_Quasi_Mode;
  40   1        InitialUART0_Timer3(115200);
  41   1        
  42   1      //---------toggle GPIO1---------  
  43   1        clr_GPIO1;
  44   1        Timer0_Delay1ms(100);
  45   1        set_GPIO1;
C51 COMPILER V9.52.0.0   UID_CHECK                                                         07/06/2017 11:37:54 PAGE 2   

  46   1        Timer0_Delay1ms(100);
  47   1        clr_GPIO1;
  48   1        Timer0_Delay1ms(100);
  49   1        set_GPIO1;
  50   1        Timer0_Delay1ms(100);
  51   1      //---------end toggle GPIO1---------
  52   1        
  53   1        READ1 = UID_BYTE(0x02);
  54   1        READ2 = UID_BYTE(0x05);
  55   1        
  56   1        while(1)
  57   1        {
  58   2      //      printf ("\n Value = 0x%bx",READ1);
  59   2        }
  60   1      
  61   1      }


MODULE INFORMATION:   STATIC OVERLAYABLE
   CODE SIZE        =    158    ----
   CONSTANT SIZE    =   ----    ----
   XDATA SIZE       =   ----    ----
   PDATA SIZE       =   ----    ----
   DATA SIZE        =   ----       2
   IDATA SIZE       =   ----    ----
   BIT SIZE         =   ----    ----
END OF MODULE INFORMATION.


C51 COMPILATION COMPLETE.  0 WARNING(S),  0 ERROR(S)
