C51 COMPILER V9.52.0.0   DELAY                                                             07/06/2017 11:40:28 PAGE 1   


C51 COMPILER V9.52.0.0, COMPILATION OF MODULE DELAY
OBJECT MODULE PLACED IN .\Output\Delay.obj
COMPILER INVOKED BY: C:\Keil\C51\BIN\C51.EXE ..\..\Common\Delay.c OPTIMIZE(7,SPEED) BROWSE INCDIR(..\..\Include) DEFINE(
                    -FOSC_160000) DEBUG OBJECTEXTEND PRINT(.\LST\Delay.lst) TABS(2) OBJECT(.\Output\Delay.obj)

line level    source

   1          /*--------------------------------------------------------------------------------------------------------
             --*/
   2          /*                                                                                                        
             - */
   3          /* Copyright(c) 2016 Nuvoton Technology Corp. All rights reserved.                                        
             - */
   4          /*                                                                                                        
             - */
   5          /*--------------------------------------------------------------------------------------------------------
             --*/
   6          
   7          //********************************************************************************************************
             -***
   8          //  Nuvoton Technoledge Corp. 
   9          //  Website: http://www.nuvoton.com
  10          //  E-Mail : MicroC-8bit@nuvoton.com
  11          //  Date   : Apr/21/2016
  12          //********************************************************************************************************
             -***
  13          
  14          #include "N76E003.h"
  15          #include "Common.h"
  16          #include "Delay.h"
  17          #include "SFR_Macro.h"
  18          #include "Function_define.h"
  19          bit BIT_TMP;
  20          
  21          //-------------------------------------------------------------------------
  22          void Timer0_Delay100us(UINT32 u32CNT)
  23          {
  24   1          clr_T0M;                                    //T0M=0, Timer0 Clock = Fsys/12
  25   1          TMOD |= 0x01;                               //Timer0 is 16-bit mode
  26   1          set_TR0;                                    //Start Timer0
  27   1          while (u32CNT != 0)
  28   1          {
  29   2              TL0 = LOBYTE(TIMER_DIV12_VALUE_100us);  //Find  define in "Function_define.h" "TIMER VALUE"
  30   2              TH0 = HIBYTE(TIMER_DIV12_VALUE_100us);
  31   2              while (TF0 != 1);                       //Check Timer0 Time-Out Flag
  32   2              clr_TF0;
  33   2              u32CNT --;
  34   2          }
  35   1          clr_TR0;                                    //Stop Timer0
  36   1      }
  37          //------------------------------------------------------------------------------
  38          void Timer0_Delay1ms(UINT32 u32CNT)
  39          {
  40   1          clr_T0M;                                    //T0M=0, Timer0 Clock = Fsys/12
  41   1          TMOD |= 0x01;                               //Timer0 is 16-bit mode
  42   1          set_TR0;                                    //Start Timer0
  43   1          while (u32CNT != 0)
  44   1          {
  45   2              TL0 = LOBYTE(TIMER_DIV12_VALUE_1ms);    //Find  define in "Function_define.h" "TIMER VALUE"
  46   2              TH0 = HIBYTE(TIMER_DIV12_VALUE_1ms);
  47   2              while (TF0 != 1);                       //Check Timer0 Time-Out Flag
C51 COMPILER V9.52.0.0   DELAY                                                             07/06/2017 11:40:28 PAGE 2   

  48   2              clr_TF0;
  49   2              u32CNT --;
  50   2          }
  51   1          clr_TR0;                                    //Stop Timer0
  52   1      }
  53          
  54          //------------------------------------------------------------------------------
  55          void Timer1_Delay10ms(UINT32 u32CNT)
  56          {
  57   1          clr_T1M;                                    //T1M=0, Timer1 Clock = Fsys/12
  58   1          TMOD |= 0x10;                               //Timer1 is 16-bit mode
  59   1          set_TR1;                                    //Start Timer1
  60   1          while (u32CNT != 0)
  61   1          {
  62   2              TL1 = LOBYTE(TIMER_DIV12_VALUE_10ms);   //Find  define in "Function_define.h" "TIMER VALUE"
  63   2              TH1 = HIBYTE(TIMER_DIV12_VALUE_10ms);
  64   2              while (TF1 != 1);                       //Check Timer1 Time-Out Flag
  65   2              clr_TF1;
  66   2              u32CNT --;
  67   2          }
  68   1          clr_TR1;                                    //Stop Timer1
  69   1      }
  70          //------------------------------------------------------------------------------
  71          void Timer2_Delay500us(UINT32 u32CNT)
  72          {
  73   1          clr_T2DIV2;                                 //Timer2 Clock = Fsys/4 
  74   1          clr_T2DIV1;
  75   1          set_T2DIV0;
  76   1          set_TR2;                                    //Start Timer2
  77   1          while (u32CNT != 0)
  78   1          {
  79   2              TL2 = LOBYTE(TIMER_DIV4_VALUE_500us);   //Find  define in "Function_define.h" "TIMER VALUE"
  80   2              TH2 = HIBYTE(TIMER_DIV4_VALUE_500us);
  81   2              while (TF2 != 1);                       //Check Timer2 Time-Out Flag
  82   2              clr_TF2;
  83   2              u32CNT --;
  84   2          }
  85   1          clr_TR2;                                    //Stop Timer2
  86   1      }
  87          //------------------------------------------------------------------------------
  88          void Timer3_Delay100ms(UINT32 u32CNT)
  89          {
  90   1          T3CON = 0x07;                               //Timer3 Clock = Fsys/128
  91   1          set_TR3;                                    //Trigger Timer3
  92   1          while (u32CNT != 0)
  93   1          {
  94   2              RL3 = LOBYTE(TIMER_DIV128_VALUE_100ms); //Find  define in "Function_define.h" "TIMER VALUE"
  95   2              RH3 = HIBYTE(TIMER_DIV128_VALUE_100ms);
  96   2              while ((T3CON&SET_BIT4) != SET_BIT4);   //Check Timer3 Time-Out Flag
  97   2              clr_TF3;
  98   2              u32CNT --;
  99   2          }
 100   1          clr_TR3;                                    //Stop Timer3
 101   1      }
 102          //------------------------------------------------------------------------------
 103          void Timer3_Delay10us(UINT32 u32CNT)
 104          {
 105   1          T3CON = 0x07;                               //Timer3 Clock = Fsys/128
 106   1          set_TR3;                                    //Trigger Timer3
 107   1          while (u32CNT != 0)
 108   1          {
 109   2              RL3 = LOBYTE(TIMER_DIV4_VALUE_10us); //Find  define in "Function_define.h" "TIMER VALUE"
C51 COMPILER V9.52.0.0   DELAY                                                             07/06/2017 11:40:28 PAGE 3   

 110   2              RH3 = HIBYTE(TIMER_DIV4_VALUE_10us);
 111   2              while ((T3CON&SET_BIT4) != SET_BIT4);   //Check Timer3 Time-Out Flag
 112   2              clr_TF3;
 113   2              u32CNT --;
 114   2          }
 115   1          clr_TR3;                                    //Stop Timer3
 116   1      }


MODULE INFORMATION:   STATIC OVERLAYABLE
   CODE SIZE        =    457    ----
   CONSTANT SIZE    =   ----    ----
   XDATA SIZE       =   ----    ----
   PDATA SIZE       =   ----    ----
   DATA SIZE        =   ----      24
   IDATA SIZE       =   ----    ----
   BIT SIZE         =      1    ----
END OF MODULE INFORMATION.


C51 COMPILATION COMPLETE.  0 WARNING(S),  0 ERROR(S)
